SET escape_string_warning=off;
SET
BEGIN;
BEGIN
WITH reading AS (
   SELECT
     _extract_id(created.created#>>'{entry,0,id}') as id,
     _extract_vid(created.created#>>'{entry,0,link,0,href}') as vid,
     fhir_read('{"base":"https://test.me"}', 'Patient', created.created#>>'{entry}') as entry,
     fhir_read('{"base":"https://test.me"}', 'Patient', created.created#>>'{entry,0,id}') as bundle
   FROM fhir_create('{"base":"https://test.me"}', 'Patient', '{"resourceType": "Patient"}'::jsonb, '[{"scheme": "http://pt.com", "term": "http://pt/vip", "label":"pt"}]'::jsonb) created
),
res_exists AS (
  SELECT assert_eq(
    (SELECT fhir_is_resource_exists('{"base":"https://test.me"}', 'Patient', r.id)),
    true,
    'should exists')
  FROM reading r
),
last_version AS (
  SELECT assert_eq(
    (SELECT fhir_is_latest_resource('{"base":"https://test.me"}', 'Patient', r.id, r.vid)),
    true,
    'should be latest')
    FROM reading r
),
updated AS (
    SELECT fhir_update('{"base":"https://test.me"}', 'Patient',
            (x.entry#>>'{entry,0,id}'),
            x.entry#>>'{entry,0,link,0,href}',
            '{"resourceType": "Patient"}'::jsonb, '[{"scheme": "http://pt.com", "term": "http://pt/vip", "label":"pt"}]'::jsonb) AS entry
    FROM reading x
),
not_last_version AS (
  SELECT assert_eq(
    (SELECT fhir_is_latest_resource('{"base":"https://test.me"}', 'Patient', r.id, r.vid)),
    false,
    'should not be latest')
    FROM reading r
),
is_not_deleted AS (
  SELECT assert_eq(
    (SELECT fhir_is_deleted_resource('{"base":"https://test.me"}', 'Patient', r.id)),
    false,
    'should not be deleted')
    FROM reading r
),
removed AS (
  SELECT fhir_delete('{"base":"https://test.me"}', 'Patient', r.entry#>>'{entry,0,id}')
  from reading r
),
is_deleted AS (
  SELECT assert_eq(
    (SELECT fhir_is_deleted_resource('{"base":"https://test.me"}', 'Patient', r.id)),
    true,
    'should be deleted')
    FROM reading r
)
SELECT
EXISTS( select * from res_exists),
EXISTS( select * from last_version),
EXISTS( select * from updated),
EXISTS( select * from not_last_version),
EXISTS( select * from is_not_deleted),
EXISTS( select * from removed),
EXISTS( select * from is_deleted)
;
 exists | exists | exists | exists | exists | exists | exists 
--------+--------+--------+--------+--------+--------+--------
 t      | t      | t      | t      | t      | t      | t
(1 row)

ROLLBACK;
ROLLBACK
