SET escape_string_warning=off;
SET
SET escape_string_warning=off;
SET
BEGIN;
BEGIN
SELECT assert_eq('version', (SELECT fhir_conformance('{"version":"version"}'))->>'version', 'version');
 assert_eq  
------------
 OK version
(1 row)

SELECT assert_eq('Patient',
   (fhir_profile(null::jsonb, 'Patient')#>>'{structure,0,element,0,path}'),
  'conformance');
ROLLBACK;
ROLLBACK
