SET escape_string_warning=off;
SET
SELECT assert_eq(6::bigint,
(
SELECT count(*)
  FROM _expand_search_params('Patient'::text,
    _parse_param(
      'provider._id=1,2&provider.name=ups&_id=1,2&birthdate:missing=true&identifier=MRN|7777777&_count=100&name=pups&_sort:desc=name&_sort:asc=address&_page=10&_tag=category&_security=ups'))
), 'should split into 8 params and filter _page _sort and _tags');
                           assert_eq                            
----------------------------------------------------------------
 OK should split into 8 params and filter _page _sort and _tags
(1 row)

SELECT *
  FROM build_search_query('Patient'::text,
    _parse_param(
      'provider._id=1,2&provider.name=ups&_id=1,2&_page=10&birthdate:missing=true&identifier=MRN|7777777&_count=100&_sort:desc=name&_sort:asc=address&name=pups&_tag=category&_security=ups'));
                                                                 build_search_query                                                                  
-----------------------------------------------------------------------------------------------------------------------------------------------------
                                                                                                                                                    +
     SELECT ROW_NUMBER() OVER () as weight, x.*                                                                                                     +
       FROM (                                                                                                                                       +
             SELECT DISTINCT patient_address_order_idx.lower                                                                                        +
 ,patient.category                                                                                                                                  +
 ,patient.content                                                                                                                                   +
 ,patient.logical_id                                                                                                                                +
 ,patient_name_order_idx.upper                                                                                                                      +
 ,patient.published                                                                                                                                 +
 ,patient.resource_type                                                                                                                             +
 ,patient.updated                                                                                                                                   +
 ,patient.version_id                                                                                                                                +
               FROM patient patient                                                                                                                 +
                                                                                                                                                    +
       LEFT JOIN patient_sort patient_name_order_idx                                                                                                +
              ON patient_name_order_idx.resource_id =                                                                                               +
                 patient.logical_id                                                                                                                 +
                 AND patient_name_order_idx.param = 'name'                                                                                          +
                                                                                                                                                    +
       LEFT JOIN patient_sort patient_address_order_idx                                                                                             +
              ON patient_address_order_idx.resource_id =                                                                                            +
                 patient.logical_id                                                                                                                 +
                 AND patient_address_order_idx.param = 'address'                                                                                    +
                                                                                                                                                    +
                                                                                                                                                    +
             JOIN patient_tag _7b0746dabfaed032913530c495453f0f                                                                                     +
               ON _7b0746dabfaed032913530c495453f0f.resource_id = patient.logical_id                                                                +
              AND (_7b0746dabfaed032913530c495453f0f.scheme = 'http://hl7.org/fhir/tag/security' AND _7b0746dabfaed032913530c495453f0f.term = 'ups')+
                                                                                                                                                    +
             JOIN patient_tag _c4ef352f74e502ef5e7bc98e6f4e493d                                                                                     +
               ON _c4ef352f74e502ef5e7bc98e6f4e493d.resource_id = patient.logical_id                                                                +
              AND (_c4ef352f74e502ef5e7bc98e6f4e493d.term = 'category')                                                                             +
                                                                                                                                                    +
             JOIN (                                                                                                                                 +
               SELECT DISTINCT resource_id FROM patient_search_string patient_name                                                                  +
               WHERE (patient_name.param = 'name' AND (patient_name.value ilike '%pups%'))                                                          +
               LIMIT 100                                                                                                                            +
             ) patient_name ON patient_name.resource_id::varchar = patient.logical_id::varchar                                                      +
                                                                                                                                                    +
             JOIN (                                                                                                                                 +
               SELECT DISTINCT resource_id FROM patient_search_token patient_identifier                                                             +
               WHERE (patient_identifier.param = 'identifier' AND (patient_identifier.code = '7777777' AND patient_identifier.namespace = 'MRN'))   +
               LIMIT 100                                                                                                                            +
             ) patient_identifier ON patient_identifier.resource_id::varchar = patient.logical_id::varchar                                          +
                                                                                                                                                    +
         JOIN patient_references patient_provider                                                                                                   +
           ON patient_provider.resource_id::varchar = patient.logical_id::varchar                                                                   +
            AND  ( patient_provider.logical_id='1' OR patient_provider.logical_id='2')                                                              +
                                                                                                                                                    +
             JOIN (                                                                                                                                 +
               SELECT DISTINCT resource_id FROM organization_search_string patient_provider_name                                                    +
               WHERE (patient_provider_name.param = 'name' AND (patient_provider_name.value ilike '%ups%'))                                         +
               LIMIT 100                                                                                                                            +
             ) patient_provider_name ON patient_provider_name.resource_id::varchar = patient_provider.logical_id::varchar                           +
                                                                                                                                                    +
                                                                                                                                                    +
              LEFT JOIN patient_search_date patient_date                                                                                            +
                   ON patient_date.resource_id::varchar = patient.logical_id::varchar                                                               +
                  AND patient_date.param = 'birthdate'                                                                                              +
                                                                                                                                                    +
               WHERE patient_date.resource_id IS NULL  AND  ( patient.logical_id='1' OR patient.logical_id='2')                                     +
               ORDER BY                                                                                                                             +
              patient_name_order_idx.upper desc                                                                                                     +
            ,                                                                                                                                       +
              patient_address_order_idx.lower asc                                                                                                   +
                                                                                                                                                    +
               LIMIT 100                                                                                                                            +
               OFFSET 1000                                                                                                                          +
             ) x                                                                                                                                    +
   
(1 row)

/* SELECT * */
/*   FROM build_search_query('Patient'::text, _parse_param('name=ups&name=dups')); */
/* SELECT * */
/*   FROM build_search_query('Patient'::text, _parse_param('identifier=MRN|7777777')); */
/* SELECT * */
/*   FROM build_search_query('Patient'::text, _parse_param('birthdate=>2011')); */
/* SELECT * */
/*   FROM _expand_search_params('Patient'::text, _parse_param('provider._id=1,2&name=ups&name=pups')); */
/* SELECT * */
/*   FROM _build_references_joins('Patient'::text, _parse_param('provider._id=1,2&name=ups&name=pups')); */
/* SELECT * */
/*   FROM build_search_joins('Patient'::text, _parse_param('provider._id=1,2&name=ups&name=pups')); */
/* SELECT * FROM search('Patient'::text, 'provider._id=1,2&name=ups&name=pups'); */

