SELECT build_sorting('Patient', '_sort=given');
                             build_sorting                             
-----------------------------------------------------------------------
                                                                      +
  ORDER BY (json_get_in(patient.content, '{name,given}'))[1]::text ASC
(1 row)

